Online resources:

goo.gl/dazTeg
github.com/oxyo

Bitvise SSH Client 7.39

RedHat login:
user:guru
pass:work

Linux commands:

sudo -i
hostnamectl
sudo unshare --fork --pid --mount-proc bash

locate docker // list binary usage files, configs, etc
systemctl status docker //
journalctl -u docker //show docker logs
journalctl -u docker -f //show docker logs in real-time (-f : follow)

Docker is not virtualization, it's namespace based containerization tool working on root, 
Docker daemon uses root account


VBox host network manager
Adapter IP: 10.0.0.101
DHCP server address: 10.0.0.102
Mask: 255.255.255.0
Address range:
10.0.0.103/10.0.0.200

Docker commands (DOCKER COMMANDS)

docker info

docker container ls (list active containers)

Run container (-ti : interactive, alpine : linux distributive, ash - alpine shell)
docker container run -ti --name demo alpine ash

[root@d1 guru]# docker container ls
CONTAINER ID        IMAGE               COMMAND             CREATED              STATUS              PORTS               NAMES
a209e1f9c398        alpine              "ash"               About a minute ago   Up About a minute                       demo
[root@d1 guru]# docker logs demo (demo : container namespace)

docker logs demo -f (-f : follow) // show container activity in other window

docker container ls -a (-a : all, not only active container)

[guru@d1 ~]$ docker container ls -a
CONTAINER ID        IMAGE               COMMAND                  CREATED             STATUS                      PORTS               NAMES
a209e1f9c398        alpine              "ash"                    5 minutes ago       Exited (0) 43 seconds ago                       demo
3cde5267af92        centos              "hostname"               4 days ago          Exited (0) 4 days ago                           dazzling_darwin
1f05aa402263        centos:7            "/bin/bash"              4 days ago          Exited (0) 4 days ago                           priceless_roentgen
33821ef1dfbe        ubuntu:16.04        "/bin/bash"              4 days ago          Exited (0) 4 days ago                           musing_mirzakhani
4b64cef7cd1f        ubuntu:14.04        "/bin/bash"              4 days ago          Exited (0) 4 days ago                           musing_shockley
d7f865385767        busybox             "echo 'hello from bu…"   4 days ago          Exited (0) 4 days ago                           epic_kilby
b5b31a066bb5        busybox             "sh"                     4 days ago          Exited (0) 4 days ago                           optimistic_poitras
e50bb2219d09        ubuntu              "/bin/bash"              5 days ago          Exited (0) 5 days ago                           hungry_banach
b9aff0270ac2        centos              "/bin/bash"              5 days ago          Exited (0) 5 days ago                           eloquent_darwin
[guru@d1 ~]$
[guru@d1 ~]$
[guru@d1 ~]$
[guru@d1 ~]$ docker start demo
demo
[guru@d1 ~]$ docker container ls
CONTAINER ID        IMAGE               COMMAND             CREATED             STATUS              PORTS               NAMES
a209e1f9c398        alpine              "ash"               7 minutes ago       Up 12 seconds                           demo
[guru@d1 ~]$


Remove docker container
[guru@d1 ~]$ docker container ls -a //list containers
CONTAINER ID        IMAGE               COMMAND                  CREATED             STATUS                     PORTS               NAMES
43bd39346358        centos              "hostname"               2 minutes ago       Exited (0) 2 minutes ago                       friendly_thompson
6125ac8de6ba        centos              "echo kuku"              2 minutes ago       Exited (0) 2 minutes ago                       inspiring_bhabha
a209e1f9c398        alpine              "ash"                    36 minutes ago      Up 29 minutes                                  demo
3cde5267af92        centos              "hostname"               4 days ago          Exited (0) 4 days ago                          dazzling_darwin
1f05aa402263        centos:7            "/bin/bash"              5 days ago          Exited (0) 5 days ago                          priceless_roentgen
33821ef1dfbe        ubuntu:16.04        "/bin/bash"              5 days ago          Exited (0) 5 days ago                          musing_mirzakhani
4b64cef7cd1f        ubuntu:14.04        "/bin/bash"              5 days ago          Exited (0) 5 days ago                          musing_shockley
d7f865385767        busybox             "echo 'hello from bu…"   5 days ago          Exited (0) 5 days ago                          epic_kilby
b5b31a066bb5        busybox             "sh"                     5 days ago          Exited (0) 5 days ago                          optimistic_poitras
e50bb2219d09        ubuntu              "/bin/bash"              5 days ago          Exited (0) 5 days ago                          hungry_banach
b9aff0270ac2        centos              "/bin/bash"              5 days ago          Exited (0) 5 days ago                          eloquent_darwin
[guru@d1 ~]$
[guru@d1 ~]$
[guru@d1 ~]$ docker rm demo
Error response from daemon: You cannot remove a running container a209e1f9c398e7ca9024f2893201b9114f4ed543ffddd0b7722b1abe7b09ea7d. Stop the container before attempting removal or force remove
[guru@d1 ~]$
[guru@d1 ~]$
[guru@d1 ~]$
[guru@d1 ~]$ docker rm -f demo
demo
[guru@d1 ~]$
[guru@d1 ~]$
[guru@d1 ~]$
[guru@d1 ~]$ docker container ls -a
CONTAINER ID        IMAGE               COMMAND                  CREATED             STATUS                     PORTS               NAMES
43bd39346358        centos              "hostname"               2 minutes ago       Exited (0) 2 minutes ago                       friendly_thompson
6125ac8de6ba        centos              "echo kuku"              2 minutes ago       Exited (0) 2 minutes ago                       inspiring_bhabha
3cde5267af92        centos              "hostname"               4 days ago          Exited (0) 4 days ago                          dazzling_darwin
1f05aa402263        centos:7            "/bin/bash"              5 days ago          Exited (0) 5 days ago                          priceless_roentgen
33821ef1dfbe        ubuntu:16.04        "/bin/bash"              5 days ago          Exited (0) 5 days ago                          musing_mirzakhani
4b64cef7cd1f        ubuntu:14.04        "/bin/bash"              5 days ago          Exited (0) 5 days ago                          musing_shockley
d7f865385767        busybox             "echo 'hello from bu…"   5 days ago          Exited (0) 5 days ago                          epic_kilby
b5b31a066bb5        busybox             "sh"                     5 days ago          Exited (0) 5 days ago                          optimistic_poitras
e50bb2219d09        ubuntu              "/bin/bash"              5 days ago          Exited (0) 5 days ago                          hungry_banach
b9aff0270ac2        centos              "/bin/bash"              5 days ago          Exited (0) 5 days ago                          eloquent_darwin
[guru@d1 ~]$

Run docker container in detached mode (the whole container as daemon):
admin@localhost:~$ docker container ls -a
CONTAINER ID        IMAGE                      COMMAND                  CREATED             STATUS                         PORTS               NAMES
f7b7d099cd49        nginx                      "nginx -g 'daemon ..."   57 minutes ago      Exited (0) 53 minutes ago                          web-server
1e20134a0784        alpine                     "ash"                    About an hour ago   Exited (0) About an hour ago                       alpine-linux
ed997ddfabc2        pyriand3r/i386-mysql:5.7   "/entrypoint.sh my..."   About an hour ago   Exited (0) 54 minutes ago                          mysql-server
admin@localhost:~$
admin@localhost:~$
admin@localhost:~$
admin@localhost:~$
admin@localhost:~$ docker container run -d -it --name centos-server  i386/centos:6 
b9027ea710798a055d5b30e332cbb936a0fd396209149e083218f801babd4168
admin@localhost:~$
admin@localhost:~$
admin@localhost:~$ docker container ls
CONTAINER ID        IMAGE               COMMAND             CREATED             STATUS              PORTS               NAMES
b9027ea71079        i386/centos:6       "/bin/bash"         9 seconds ago       Up 9 seconds                            centos-server
admin@localhost:~$ docker exec -ti centos-server bash //connect to centos-server container
[root@b9027ea71079 /]#
[root@b9027ea71079 /]# exit
exit
admin@localhost:~$ docker stop centos-server
centos-server
admin@localhost:~$ docker container ls -a
CONTAINER ID        IMAGE                      COMMAND                  CREATED              STATUS                         PORTS               NAMES
b9027ea71079        i386/centos:6              "/bin/bash"              About a minute ago   Exited (137) 3 seconds ago                         centos-server
f7b7d099cd49        nginx                      "nginx -g 'daemon ..."   59 minutes ago       Exited (0) 55 minutes ago                          web-server
1e20134a0784        alpine                     "ash"                    About an hour ago    Exited (0) About an hour ago                       alpine-linux
ed997ddfabc2        pyriand3r/i386-mysql:5.7   "/entrypoint.sh my..."   About an hour ago    Exited (0) 56 minutes ago                          mysql-server
admin@localhost:~$



Run docker container as daemon (-p 80:80 [port mapping from-to container, -h web1 : "web1" will be seen inside container)
docker run -d -p 80:80 --name web1 -h web1 nginx

Attach to web1:
docker attach web1

Deattach from attached processes (kill all detaches)
sudo pkill -9 -f 'docker.*attach'

Initiate shell session to container:
docker exec -ti web1 bash

Stop container:
[guru@d1 ~]$ docker stop web1
web1
[guru@d1 ~]$
[guru@d1 ~]$
[guru@d1 ~]$
[guru@d1 ~]$ docker container ls
CONTAINER ID        IMAGE               COMMAND             CREATED             STATUS              PORTS               NAMES
[guru@d1 ~]$


connect to container:
1. Start container:
docker start [containerName]
2. Connect to container with bash
docker exec -ti [containerName] bash

Build Docker containers:

[guru@d1 ~/projects]$ git clone https://github.com/oxyo/node-backend.git
[guru@d1 ~/projects]$ cd node-backend/
[guru@d1 node-backend]$ ls -la
total 40
drwxrwxr-x. 4 guru guru   161 Mar 26 13:55 .
drwxrwxr-x. 3 guru guru    26 Mar 26 13:37 ..
-rw-rw-r--. 1 guru guru  3267 Mar 26 13:51 app.js
drwxrwxr-x. 2 guru guru    23 Mar 26 13:38 db
-rw-rw-r--. 1 guru guru   387 Mar 26 13:38 Dockerfile
-rw-rw-r--. 1 guru guru    27 Mar 26 13:38 .dockerignore
drwxrwxr-x. 8 guru guru   163 Mar 26 13:38 .git
-rw-rw-r--. 1 guru guru   112 Mar 26 13:38 .gitignore
-rw-rw-r--. 1 guru guru   396 Mar 26 13:50 package.json
-rw-rw-r--. 1 guru guru 14397 Mar 26 13:38 package-lock.json
-rw-rw-r--. 1 guru guru  1141 Mar 26 13:38 README.md
[guru@d1 node-backend]$
[guru@d1 node-backend]$
[guru@d1 node-backend]$
[guru@d1 node-backend]$ docker build . -t skills-api:0.0.1

[guru@d1 node-backend]$ docker images
REPOSITORY          TAG                 IMAGE ID            CREATED             SIZE
skills-api          0.0.1               30dc1c6c219e        17 seconds ago      715MB
t3rmin41/mydev      v2                  28b12932ccce        43 minutes ago      216MB
node                carbon              41a1f5b81103        9 days ago          673MB
centos              latest              2d194b392dd1        2 weeks ago         195MB
[guru@d1 node-backend]$
[guru@d1 node-backend]$

docker run -d -p 80:3000 -v ~/projects/node-backend/db:/db:Z skills-api:0.0.1 // :Z - selinux flag

docker run -d -p 80:80 web-app:v0.0.1

Docker networking:

[guru@d1 projects]$ docker network ls
NETWORK ID          NAME                DRIVER              SCOPE
57e629977511        bridge              bridge              local
3e1661f6a82b        host                host                local
877811f3daf5        none                null                local
[guru@d1 projects]$
[guru@d1 projects]$
[guru@d1 projects]$
[guru@d1 projects]$
[guru@d1 projects]$ docker network create backend1
29f28c442529d60b34b35efd4c2d8e8a1d7d5486d6a9c7dddbb908e81e5e4410
[guru@d1 projects]$
[guru@d1 projects]$
[guru@d1 projects]$
[guru@d1 projects]$
[guru@d1 projects]$ docker network ls
NETWORK ID          NAME                DRIVER              SCOPE
29f28c442529        backend1            bridge              local
57e629977511        bridge              bridge              local
3e1661f6a82b        host                host                local
877811f3daf5        none                null                local


docker run -ti --net backend1 --name client1 -h client1 alpine ash

docker run -it --net=backend1 --name client2 -h client2 --add-host=client1:172.18.0.2 alpine ash

docker run -it --net=backend1 --name=client3 -h=client3 alpine ash


[guru@d1 ~]$ docker inspect network backend1
[
    {
        "Name": "backend1",
        "Id": "29f28c442529d60b34b35efd4c2d8e8a1d7d5486d6a9c7dddbb908e81e5e4410",
        "Created": "2018-03-26T15:26:35.080667389+03:00",
        "Scope": "local",
        "Driver": "bridge",
        "EnableIPv6": false,
        "IPAM": {
            "Driver": "default",
            "Options": {},
            "Config": [
                {
                    "Subnet": "172.18.0.0/16",
                    "Gateway": "172.18.0.1"
                }
            ]
        },
        "Internal": false,
        "Attachable": false,
        "Ingress": false,
        "ConfigFrom": {
            "Network": ""
        },
        "ConfigOnly": false,
        "Containers": {
            "3936738d2d9aa82a8ebabf6b3dc7c14cfca5280501441b3e05528057db2dfde4": {
                "Name": "client2",
                "EndpointID": "885f184dd965c84652ac0a2ea7341c0f52db040fb0d19ff81eebc84cfd3067e8",
                "MacAddress": "02:42:ac:12:00:03",
                "IPv4Address": "172.18.0.3/16",
                "IPv6Address": ""
            },
            "8bd20268b322690f782fd623478800b0cd8d54d7f824d65a2358f5cf62b4793b": {
                "Name": "client1",
                "EndpointID": "745e230dda778cd6941551bfa28e06750bed81d46efb5a806b547be8d8e31799",
                "MacAddress": "02:42:ac:12:00:02",
                "IPv4Address": "172.18.0.2/16",
                "IPv6Address": ""
            }
        },
        "Options": {},
        "Labels": {}
    }
]
Error: No such object: network
[guru@d1 ~]$

Find out client1 IP address:
docker inspect --format '{{ range .NetworkSettings.Networks}}{{.IPAddress}}{{ end}}' client1


[guru@d1 ~]$ docker run -d -p 8000:80 --name=web1 nginx
35dc3a42c7e2a02f2aab8180b8585b133223b5c21fcf12efe2d877ecf9835313
[guru@d1 ~]$

[guru@d1 projects]$ sudo iptables -t nat -nL DOCKER //launched not from container but from host OS
Chain DOCKER (2 references)
target     prot opt source               destination
RETURN     all  --  0.0.0.0/0            0.0.0.0/0
RETURN     all  --  0.0.0.0/0            0.0.0.0/0
RETURN     all  --  0.0.0.0/0            0.0.0.0/0
DNAT       tcp  --  0.0.0.0/0            0.0.0.0/0            tcp dpt:8000 to:172.17.0.2:80
[guru@d1 projects]$
